PS D:\Git> cd git_challenge
PS D:\Git\git_challenge> git init
Initialized empty Git repository in D:/Git/git_challenge/.git/
PS D:\Git\git_challenge> git add hello_world.txt
PS D:\Git\git_challenge> git commit -m "1回目のコミット"          
[main (root-commit) 45f791f] 1回目のコミット
 1 file changed, 1 insertion(+)
 create mode 100644 hello_world.txt
PS D:\Git\git_challenge> git add hello_world.txt
PS D:\Git\git_challenge> git commit -m "2回目のコミット"
[main a38f326] 2回目のコミット
 1 file changed, 2 insertions(+), 1 deletion(-)
PS D:\Git\git_challenge> git log --oneline
a38f326 (HEAD -> main) 2回目のコミット
45f791f 1回目のコミット
PS D:\Git\git_challenge> 